I'm sorry, but errors were detected in your script. Please correct the
errors listed below, and try again.


The label start is defined twice, at File "game/CardGames/Els/scripts_els.rpy", line 1:
label start:
and File "game/CardGames/Kozel/scripts_kozel.rpy", line 1:
label start:


Ren'Py Version: Ren'Py 7.4.11.2266
Tue Nov 25 09:53:12 2025
